[OK] preview ember-seed
[OK] preview tide-bell
[OK] preview frost-quill
[OK] preview pulse-coin
[OK] preview moss-lantern
[OK] preview sky-ribbon
[OK] preview echo-drum
[OK] preview solar-petal
[OK] preview quartz-nest
[OK] preview comet-marble
[OK] preview volt-sprout
[OK] preview pearl-orbit
[OK] preview ash-phoenixling
[OK] preview glyph-kite
[OK] preview honey-nova
[OK] preview iron-bloom
[OK] preview rain-prism
[OK] preview star-thimble
[OK] preview wind-chime-gate
[OK] preview cinder-bookmark
[OK] preview nebula-loom
[OK] preview leviathan-scale
[OK] preview obsidian-choir
[OK] preview clockwork-aurora
[OK] preview storm-quillstorm
[OK] preview crystal-behemoth-cub
[OK] preview void-orchid
[OK] preview forge-heart
[OK] preview mirror-tide
[OK] preview rune-avalanche
[OK] preview photon-dancer
[OK] preview thunder-lotus
[OK] preview celestial-abacus
[OK] preview ember-symphony
[OK] preview glacier-crown
[OK] preview sandstorm-sphinx
[OK] preview plasma-origami
[OK] preview harbinger-belltower
[OK] preview lumen-serpent
[OK] preview arcane-hourglass
[OK] preview worldtree-spark
[OK] preview dragonforge-relic
[OK] preview abyssal-crown
[OK] preview solar-cathedral
[OK] preview tempest-throne
[OK] preview chrono-phoenix
[OK] preview mythic-atlas-sphere
[OK] preview eclipse-masquerade
[OK] preview siren-observatory
[OK] preview gilded-leviathan
[OK] preview arc-reactor-bloom
[OK] preview winter-sovereign
[OK] preview infernal-ballet
[OK] preview oracle-spire
[OK] preview celestine-warhorn
[OK] preview emerald-behemoth
[OK] preview rift-ballet
[OK] preview stormwright-anvil
[OK] preview moonwell-cascade
[OK] preview aether-colossus
[OK] preview genesis-loom-eternal
[OK] preview primordial-tidewyrm
[OK] preview singularity-rose-garden
[OK] preview astral-tribunal
[OK] preview phoenix-empire-dawn
[OK] preview quantum-mythos-engine
[OK] preview oceanus-coronation
[OK] preview helios-forge-god
[OK] preview nyx-veil-unbound
[OK] preview thunder-pantheon
[OK] preview world-end-garden
[OK] preview infinite-library-gate
[OK] preview celestial-behemoth-choir
[OK] preview mirror-multiverse-waltz
[OK] preview dragon-eclipse-covenant
[OK] preview fate-spindle-absolute
[OK] preview abyss-cathedral-rising
[OK] preview starforge-apocalypse-key
[OK] preview eternal-ember-throneworld
[OK] preview mythweaver-final-quill
[OK] preview first-light-of-sylora
[OK] preview omega-aurora-godseed
[OK] preview holographic-eden-genesis
[OK] preview chronos-endgame-spiral
[OK] preview leviathan-of-a-thousand-suns
[OK] preview the-last-symphony-of-worlds
[OK] preview divine-mirror-of-all-viewers
[OK] preview sylora-pantheon-ascension
[OK] preview infinity-phoenix-rebirth-gate
[OK] preview cosmic-ocean-throne-eternal
[OK] preview apotheosis-of-the-live-stage
[OK] preview prime-mover-gift-cascade
[OK] preview unbound-creation-anvil
[OK] preview eternal-night-bloom-daybreak
[OK] preview worldsoul-resonance-choir
[OK] preview hypernova-covenant-seal
[OK] preview the-gift-that-remembers-you
[OK] preview sylora-final-horizon
[OK] preview absolute-radiance-crown
[OK] preview myth-of-forever-live
Done previews ok=100 fail=0
