Already up to date
Done in 330ms using pnpm v11.18.0
$ pnpm tokens && tsc -b && vite build
$ tsx scripts/build-tokens.ts
tokens.css        1152 lines
tokens.figma.json 7 groups
contrast-audit    90/90 passed
vite v8.1.5 building client environment for production...
[2Ktransforming...✓ 77 modules transformed.
rendering chunks...
computing gzip size...
dist/index.html                                                       0.80 kB │ gzip:   0.47 kB
dist/assets/jetbrains-mono-vietnamese-wght-normal-Bt-aOZkq.woff2      7.50 kB
dist/assets/jetbrains-mono-greek-wght-normal-Bw9x6K1M.woff2           9.00 kB
dist/assets/instrument-serif-latin-ext-400-normal-CFCUzsTy.woff       9.86 kB
dist/assets/instrument-serif-latin-ext-400-italic-D7-lnxEk.woff      10.50 kB
dist/assets/instrument-sans-latin-ext-wght-normal-B5bTHO_g.woff2     11.14 kB
dist/assets/instrument-serif-latin-ext-400-normal-C2je3j2s.woff2     11.60 kB
dist/assets/jetbrains-mono-cyrillic-wght-normal-D73BlboJ.woff2       12.10 kB
dist/assets/instrument-serif-latin-ext-400-italic-C9HzH3YL.woff2     12.38 kB
dist/assets/jetbrains-mono-latin-ext-wght-normal-DBQx-q_a.woff2      15.19 kB
dist/assets/instrument-serif-latin-400-normal-BVbkICAY.woff          18.33 kB
dist/assets/instrument-serif-latin-400-italic-u__WvvIK.woff          19.26 kB
dist/assets/instrument-serif-latin-400-normal-DnYpCC2O.woff2         21.03 kB
dist/assets/instrument-serif-latin-400-italic-DKMiL14s.woff2         22.12 kB
dist/assets/instrument-sans-latin-wght-normal-BbzFLZTg.woff2         30.09 kB
dist/assets/jetbrains-mono-latin-wght-normal-B9CIFXIH.woff2          40.40 kB
dist/assets/index-B68zbny2.css                                      323.43 kB │ gzip:  51.28 kB
dist/assets/index-Cw_tp2Uy.js                                     1,092.52 kB │ gzip: 250.19 kB

[plugin builtin:vite-reporter] 
(!) Some chunks are larger than 500 kB after minification. Consider:
- Using dynamic import() to code-split the application
- Use build.rolldownOptions.output.codeSplitting to improve chunking: https://rolldown.rs/reference/OutputOptions.codeSplitting
- Adjust chunk size limit for this warning via build.chunkSizeWarningLimit.
✓ built in 375ms
